CREATE EXTENSION pg_tde;
CREATE TABLE test_enc(
	  id SERIAL,
	  k INTEGER DEFAULT '0' NOT NULL,
	  PRIMARY KEY (id)
	) USING pg_tde;
CREATE TABLE test_norm(
	  id SERIAL,
	  k INTEGER DEFAULT '0' NOT NULL,
	  PRIMARY KEY (id)
	) USING heap;
SELECT amname FROM pg_class INNER JOIN pg_am ON pg_am.oid = pg_class.relam WHERE relname = 'test_enc';
 amname 
--------
 pg_tde
(1 row)

SELECT amname FROM pg_class INNER JOIN pg_am ON pg_am.oid = pg_class.relam WHERE relname = 'test_norm';
 amname 
--------
 heap
(1 row)

SELECT pgtde_is_encrypted('test_enc');
 pgtde_is_encrypted 
--------------------
 t
(1 row)

SELECT pgtde_is_encrypted('test_norm');
 pgtde_is_encrypted 
--------------------
 f
(1 row)

DROP TABLE test_enc;
DROP TABLE test_norm;
DROP EXTENSION pg_tde;
